<?xml version="1.0" encoding="UTF-8"?>
<TestRun id="5ea45c7e-6bdb-4e17-b3c4-e8878a6f673e" name="Leonardo@LEONARDO-PC 2011-03-06 18:08:19" runUser="Leonardo-PC\Leonardo" xmlns="http://microsoft.com/schemas/VisualStudio/TeamTest/2010">
  <TestSettings name="Default Test Settings" id="4ab1bb0a-5d03-4e29-9b7a-21c61461f1df">
    <Deployment runDeploymentRoot="Leonardo_LEONARDO-PC 2011-03-06 18_08_19">
      <DeploymentItem filename="c:\users\leonardo\documents\visual studio 2010\Projects\ArtigoTDD_TCC\ArtigoTDD_TCC\bin\ArtigoTDD_TCC.dll" />
      <DeploymentItem filename="c:\users\leonardo\documents\visual studio 2010\Projects\ArtigoTDD_TCC\packages\Moq.4.0.10827\lib\NET40\Moq.dll" />
    </Deployment>
    <Execution>
      <TestTypeSpecific />
      <AgentRule name="Execution Agents">
      </AgentRule>
    </Execution>
  </TestSettings>
  <Times creation="2011-03-06T18:08:19.8801693-03:00" queuing="2011-03-06T18:08:20.2841925-03:00" start="2011-03-06T18:08:20.3191945-03:00" finish="2011-03-06T18:08:21.5722661-03:00" />
  <ResultSummary outcome="Completed">
    <Counters total="3" executed="3" passed="3" error="0" failed="0" timeout="0" aborted="0" inconclusive="0" passedButRunAborted="0" notRunnable="0" notExecuted="0" disconnected="0" warning="0" completed="0" inProgress="0" pending="0" />
  </ResultSummary>
  <TestDefinitions>
    <UnitTest name="Informar_usuario_e_ou_senha_em_branco_ou_null_e_retornar_exception" storage="c:\users\leonardo\documents\visual studio 2010\projects\artigotdd_tcc\artigotdd_tcc.tests\bin\debug\artigotdd_tcc.tests.dll" id="44ce6f3f-3b54-4144-8d33-c4bfbf80afcf">
      <Execution id="56c0dcd3-2f4c-4f93-abab-e7ef4f7a15fc" />
      <TestMethod codeBase="c:/users/leonardo/documents/visual studio 2010/Projects/ArtigoTDD_TCC/ArtigoTDD_TCC.Tests/bin/Debug/ArtigoTDD_TCC.Tests.DLL" adapterTypeName="Microsoft.VisualStudio.TestTools.TestTypes.Unit.UnitTestAdapter, Microsoft.VisualStudio.QualityTools.Tips.UnitTest.Adapter, Version=10.0.0.0, Culture=neutral, PublicKeyToken=b03f5f7f11d50a3a" className="ArtigoTDD_TCC.Tests.Dominio.Login_Testes, ArtigoTDD_TCC.Tests, Version=1.0.0.0, Culture=neutral, PublicKeyToken=null" name="Informar_usuario_e_ou_senha_em_branco_ou_null_e_retornar_exception" />
    </UnitTest>
    <UnitTest name="Informar_usuario_e_senha_validos_e_efetuar_o_login" storage="c:\users\leonardo\documents\visual studio 2010\projects\artigotdd_tcc\artigotdd_tcc.tests\bin\debug\artigotdd_tcc.tests.dll" id="9ce58a3a-6ac1-4335-0c94-9bf74f7f5c05">
      <Execution id="326b4b50-cc47-447d-91df-2ea4d0e58325" />
      <TestMethod codeBase="c:/users/leonardo/documents/visual studio 2010/Projects/ArtigoTDD_TCC/ArtigoTDD_TCC.Tests/bin/Debug/ArtigoTDD_TCC.Tests.DLL" adapterTypeName="Microsoft.VisualStudio.TestTools.TestTypes.Unit.UnitTestAdapter, Microsoft.VisualStudio.QualityTools.Tips.UnitTest.Adapter, Version=10.0.0.0, Culture=neutral, PublicKeyToken=b03f5f7f11d50a3a" className="ArtigoTDD_TCC.Tests.Dominio.Login_Testes, ArtigoTDD_TCC.Tests, Version=1.0.0.0, Culture=neutral, PublicKeyToken=null" name="Informar_usuario_e_senha_validos_e_efetuar_o_login" />
    </UnitTest>
    <UnitTest name="Informar_usuario_e_ou_senha_invalidos_e_efetuar_falha_no_login" storage="c:\users\leonardo\documents\visual studio 2010\projects\artigotdd_tcc\artigotdd_tcc.tests\bin\debug\artigotdd_tcc.tests.dll" id="f0d27ebb-ab90-6625-a725-b12e034b23d1">
      <Execution id="5ad2b565-e8c0-4281-9340-cb5defe5ea8b" />
      <TestMethod codeBase="c:/users/leonardo/documents/visual studio 2010/Projects/ArtigoTDD_TCC/ArtigoTDD_TCC.Tests/bin/Debug/ArtigoTDD_TCC.Tests.DLL" adapterTypeName="Microsoft.VisualStudio.TestTools.TestTypes.Unit.UnitTestAdapter, Microsoft.VisualStudio.QualityTools.Tips.UnitTest.Adapter, Version=10.0.0.0, Culture=neutral, PublicKeyToken=b03f5f7f11d50a3a" className="ArtigoTDD_TCC.Tests.Dominio.Login_Testes, ArtigoTDD_TCC.Tests, Version=1.0.0.0, Culture=neutral, PublicKeyToken=null" name="Informar_usuario_e_ou_senha_invalidos_e_efetuar_falha_no_login" />
    </UnitTest>
  </TestDefinitions>
  <TestLists>
    <TestList name="Results Not in a List" id="8c84fa94-04c1-424b-9868-57a2d4851a1d" />
    <TestList name="All Loaded Results" id="19431567-8539-422a-85d7-44ee4e166bda" />
  </TestLists>
  <TestEntries>
    <TestEntry testId="44ce6f3f-3b54-4144-8d33-c4bfbf80afcf" executionId="56c0dcd3-2f4c-4f93-abab-e7ef4f7a15fc" testListId="8c84fa94-04c1-424b-9868-57a2d4851a1d" />
    <TestEntry testId="9ce58a3a-6ac1-4335-0c94-9bf74f7f5c05" executionId="326b4b50-cc47-447d-91df-2ea4d0e58325" testListId="8c84fa94-04c1-424b-9868-57a2d4851a1d" />
    <TestEntry testId="f0d27ebb-ab90-6625-a725-b12e034b23d1" executionId="5ad2b565-e8c0-4281-9340-cb5defe5ea8b" testListId="8c84fa94-04c1-424b-9868-57a2d4851a1d" />
  </TestEntries>
  <Results>
    <UnitTestResult executionId="56c0dcd3-2f4c-4f93-abab-e7ef4f7a15fc" testId="44ce6f3f-3b54-4144-8d33-c4bfbf80afcf" testName="Informar_usuario_e_ou_senha_em_branco_ou_null_e_retornar_exception" computerName="LEONARDO-PC" duration="00:00:00.0304943" startTime="2011-03-06T18:08:20.3631970-03:00" endTime="2011-03-06T18:08:20.8912272-03:00" testType="13cdc9d9-ddb5-4fa4-a97d-d965ccfc6d4b" outcome="Passed" testListId="8c84fa94-04c1-424b-9868-57a2d4851a1d" relativeResultsDirectory="56c0dcd3-2f4c-4f93-abab-e7ef4f7a15fc">
    </UnitTestResult>
    <UnitTestResult executionId="326b4b50-cc47-447d-91df-2ea4d0e58325" testId="9ce58a3a-6ac1-4335-0c94-9bf74f7f5c05" testName="Informar_usuario_e_senha_validos_e_efetuar_o_login" computerName="LEONARDO-PC" duration="00:00:00.4462278" startTime="2011-03-06T18:08:20.8962275-03:00" endTime="2011-03-06T18:08:21.3712546-03:00" testType="13cdc9d9-ddb5-4fa4-a97d-d965ccfc6d4b" outcome="Passed" testListId="8c84fa94-04c1-424b-9868-57a2d4851a1d" relativeResultsDirectory="326b4b50-cc47-447d-91df-2ea4d0e58325">
    </UnitTestResult>
    <UnitTestResult executionId="5ad2b565-e8c0-4281-9340-cb5defe5ea8b" testId="f0d27ebb-ab90-6625-a725-b12e034b23d1" testName="Informar_usuario_e_ou_senha_invalidos_e_efetuar_falha_no_login" computerName="LEONARDO-PC" duration="00:00:00.0059846" startTime="2011-03-06T18:08:21.3962561-03:00" endTime="2011-03-06T18:08:21.4132570-03:00" testType="13cdc9d9-ddb5-4fa4-a97d-d965ccfc6d4b" outcome="Passed" testListId="8c84fa94-04c1-424b-9868-57a2d4851a1d" relativeResultsDirectory="5ad2b565-e8c0-4281-9340-cb5defe5ea8b">
    </UnitTestResult>
  </Results>
</TestRun>