<?xml version="1.0" encoding="UTF-8"?>
<TestRun id="ddc8e602-f533-46c4-8bab-ac545adb382d" name="Leonardo@LEONARDO-PC 2011-03-06 18:58:48" runUser="Leonardo-PC\Leonardo" xmlns="http://microsoft.com/schemas/VisualStudio/TeamTest/2010">
  <TestSettings name="Default Test Settings" id="079d64fe-9531-4de7-9f63-464cc6f4d6cb">
    <Deployment runDeploymentRoot="Leonardo_LEONARDO-PC 2011-03-06 18_58_48">
      <DeploymentItem filename="c:\users\leonardo\documents\visual studio 2010\Projects\ArtigoTDD_TCC\ArtigoTDD_TCC\bin\ArtigoTDD_TCC.dll" />
      <DeploymentItem filename="c:\users\leonardo\documents\visual studio 2010\Projects\ArtigoTDD_TCC\packages\Moq.4.0.10827\lib\NET40\Moq.dll" />
    </Deployment>
    <Execution>
      <TestTypeSpecific />
      <AgentRule name="Execution Agents">
      </AgentRule>
    </Execution>
  </TestSettings>
  <Times creation="2011-03-06T18:58:48.6554832-03:00" queuing="2011-03-06T18:58:48.8794960-03:00" start="2011-03-06T18:58:48.9264987-03:00" finish="2011-03-06T18:58:50.1025660-03:00" />
  <ResultSummary outcome="Failed">
    <Counters total="4" executed="4" passed="3" error="0" failed="1" timeout="0" aborted="0" inconclusive="0" passedButRunAborted="0" notRunnable="0" notExecuted="0" disconnected="0" warning="0" completed="0" inProgress="0" pending="0" />
  </ResultSummary>
  <TestDefinitions>
    <UnitTest name="Informar_Usuario_E_Efetuar_Logoff" storage="c:\users\leonardo\documents\visual studio 2010\projects\artigotdd_tcc\artigotdd_tcc.tests\bin\debug\artigotdd_tcc.tests.dll" id="ad8bd9d5-5cb5-c94b-be17-dffd70a4919f">
      <Execution id="d2ce49f7-7412-4b8c-bbf0-1dd07ab6cc8f" />
      <TestMethod codeBase="c:/users/leonardo/documents/visual studio 2010/Projects/ArtigoTDD_TCC/ArtigoTDD_TCC.Tests/bin/Debug/ArtigoTDD_TCC.Tests.DLL" adapterTypeName="Microsoft.VisualStudio.TestTools.TestTypes.Unit.UnitTestAdapter, Microsoft.VisualStudio.QualityTools.Tips.UnitTest.Adapter, Version=10.0.0.0, Culture=neutral, PublicKeyToken=b03f5f7f11d50a3a" className="ArtigoTDD_TCC.Tests.Dominio.Login_Testes, ArtigoTDD_TCC.Tests, Version=1.0.0.0, Culture=neutral, PublicKeyToken=null" name="Informar_Usuario_E_Efetuar_Logoff" />
    </UnitTest>
    <UnitTest name="Informar_usuario_e_ou_senha_em_branco_ou_null_e_retornar_exception" storage="c:\users\leonardo\documents\visual studio 2010\projects\artigotdd_tcc\artigotdd_tcc.tests\bin\debug\artigotdd_tcc.tests.dll" id="44ce6f3f-3b54-4144-8d33-c4bfbf80afcf">
      <Execution id="5197e28e-9773-41d0-88c9-60d5009966cd" />
      <TestMethod codeBase="c:/users/leonardo/documents/visual studio 2010/Projects/ArtigoTDD_TCC/ArtigoTDD_TCC.Tests/bin/Debug/ArtigoTDD_TCC.Tests.DLL" adapterTypeName="Microsoft.VisualStudio.TestTools.TestTypes.Unit.UnitTestAdapter, Microsoft.VisualStudio.QualityTools.Tips.UnitTest.Adapter, Version=10.0.0.0, Culture=neutral, PublicKeyToken=b03f5f7f11d50a3a" className="ArtigoTDD_TCC.Tests.Dominio.Login_Testes, ArtigoTDD_TCC.Tests, Version=1.0.0.0, Culture=neutral, PublicKeyToken=null" name="Informar_usuario_e_ou_senha_em_branco_ou_null_e_retornar_exception" />
    </UnitTest>
    <UnitTest name="Informar_usuario_e_senha_validos_e_efetuar_o_login" storage="c:\users\leonardo\documents\visual studio 2010\projects\artigotdd_tcc\artigotdd_tcc.tests\bin\debug\artigotdd_tcc.tests.dll" id="9ce58a3a-6ac1-4335-0c94-9bf74f7f5c05">
      <Execution id="174f031e-198a-4707-85c4-907a1a8c38c9" />
      <TestMethod codeBase="c:/users/leonardo/documents/visual studio 2010/Projects/ArtigoTDD_TCC/ArtigoTDD_TCC.Tests/bin/Debug/ArtigoTDD_TCC.Tests.DLL" adapterTypeName="Microsoft.VisualStudio.TestTools.TestTypes.Unit.UnitTestAdapter, Microsoft.VisualStudio.QualityTools.Tips.UnitTest.Adapter, Version=10.0.0.0, Culture=neutral, PublicKeyToken=b03f5f7f11d50a3a" className="ArtigoTDD_TCC.Tests.Dominio.Login_Testes, ArtigoTDD_TCC.Tests, Version=1.0.0.0, Culture=neutral, PublicKeyToken=null" name="Informar_usuario_e_senha_validos_e_efetuar_o_login" />
    </UnitTest>
    <UnitTest name="Informar_usuario_e_ou_senha_invalidos_e_efetuar_falha_no_login" storage="c:\users\leonardo\documents\visual studio 2010\projects\artigotdd_tcc\artigotdd_tcc.tests\bin\debug\artigotdd_tcc.tests.dll" id="f0d27ebb-ab90-6625-a725-b12e034b23d1">
      <Execution id="d8de94ea-c88a-420f-9330-63685cfb1766" />
      <TestMethod codeBase="c:/users/leonardo/documents/visual studio 2010/Projects/ArtigoTDD_TCC/ArtigoTDD_TCC.Tests/bin/Debug/ArtigoTDD_TCC.Tests.DLL" adapterTypeName="Microsoft.VisualStudio.TestTools.TestTypes.Unit.UnitTestAdapter, Microsoft.VisualStudio.QualityTools.Tips.UnitTest.Adapter, Version=10.0.0.0, Culture=neutral, PublicKeyToken=b03f5f7f11d50a3a" className="ArtigoTDD_TCC.Tests.Dominio.Login_Testes, ArtigoTDD_TCC.Tests, Version=1.0.0.0, Culture=neutral, PublicKeyToken=null" name="Informar_usuario_e_ou_senha_invalidos_e_efetuar_falha_no_login" />
    </UnitTest>
  </TestDefinitions>
  <TestLists>
    <TestList name="Results Not in a List" id="8c84fa94-04c1-424b-9868-57a2d4851a1d" />
    <TestList name="All Loaded Results" id="19431567-8539-422a-85d7-44ee4e166bda" />
  </TestLists>
  <TestEntries>
    <TestEntry testId="44ce6f3f-3b54-4144-8d33-c4bfbf80afcf" executionId="5197e28e-9773-41d0-88c9-60d5009966cd" testListId="8c84fa94-04c1-424b-9868-57a2d4851a1d" />
    <TestEntry testId="9ce58a3a-6ac1-4335-0c94-9bf74f7f5c05" executionId="174f031e-198a-4707-85c4-907a1a8c38c9" testListId="8c84fa94-04c1-424b-9868-57a2d4851a1d" />
    <TestEntry testId="ad8bd9d5-5cb5-c94b-be17-dffd70a4919f" executionId="d2ce49f7-7412-4b8c-bbf0-1dd07ab6cc8f" testListId="8c84fa94-04c1-424b-9868-57a2d4851a1d" />
    <TestEntry testId="f0d27ebb-ab90-6625-a725-b12e034b23d1" executionId="d8de94ea-c88a-420f-9330-63685cfb1766" testListId="8c84fa94-04c1-424b-9868-57a2d4851a1d" />
  </TestEntries>
  <Results>
    <UnitTestResult executionId="5197e28e-9773-41d0-88c9-60d5009966cd" testId="44ce6f3f-3b54-4144-8d33-c4bfbf80afcf" testName="Informar_usuario_e_ou_senha_em_branco_ou_null_e_retornar_exception" computerName="LEONARDO-PC" duration="00:00:00.4570818" startTime="2011-03-06T18:58:48.9434997-03:00" endTime="2011-03-06T18:58:49.8955541-03:00" testType="13cdc9d9-ddb5-4fa4-a97d-d965ccfc6d4b" outcome="Passed" testListId="8c84fa94-04c1-424b-9868-57a2d4851a1d" relativeResultsDirectory="5197e28e-9773-41d0-88c9-60d5009966cd">
    </UnitTestResult>
    <UnitTestResult executionId="174f031e-198a-4707-85c4-907a1a8c38c9" testId="9ce58a3a-6ac1-4335-0c94-9bf74f7f5c05" testName="Informar_usuario_e_senha_validos_e_efetuar_o_login" computerName="LEONARDO-PC" duration="00:00:00.0295059" startTime="2011-03-06T18:58:49.9005544-03:00" endTime="2011-03-06T18:58:49.9375565-03:00" testType="13cdc9d9-ddb5-4fa4-a97d-d965ccfc6d4b" outcome="Passed" testListId="8c84fa94-04c1-424b-9868-57a2d4851a1d" relativeResultsDirectory="174f031e-198a-4707-85c4-907a1a8c38c9">
    </UnitTestResult>
    <UnitTestResult executionId="d2ce49f7-7412-4b8c-bbf0-1dd07ab6cc8f" testId="ad8bd9d5-5cb5-c94b-be17-dffd70a4919f" testName="Informar_Usuario_E_Efetuar_Logoff" computerName="LEONARDO-PC" duration="00:00:00.0366292" startTime="2011-03-06T18:58:49.9455570-03:00" endTime="2011-03-06T18:58:49.9905596-03:00" testType="13cdc9d9-ddb5-4fa4-a97d-d965ccfc6d4b" outcome="Failed" testListId="8c84fa94-04c1-424b-9868-57a2d4851a1d" relativeResultsDirectory="d2ce49f7-7412-4b8c-bbf0-1dd07ab6cc8f">
      <Output>
        <ErrorInfo>
          <Message>Test method ArtigoTDD_TCC.Tests.Dominio.Login_Testes.Informar_Usuario_E_Efetuar_Logoff threw exception: 
System.NotImplementedException: The method or operation is not implemented.</Message>
          <StackTrace>    at ArtigoTDD_TCC.Tests.Dominio.Login.Desconectar(String usuario) in c:\users\leonardo\documents\visual studio 2010\Projects\ArtigoTDD_TCC\ArtigoTDD_TCC.Tests\Dominio\Login.cs:line 30
   at ArtigoTDD_TCC.Tests.Dominio.Login_Testes.Informar_Usuario_E_Efetuar_Logoff() in c:\users\leonardo\documents\visual studio 2010\Projects\ArtigoTDD_TCC\ArtigoTDD_TCC.Tests\Dominio\Login_Testes.cs:line 32
</StackTrace>
        </ErrorInfo>
      </Output>
    </UnitTestResult>
    <UnitTestResult executionId="d8de94ea-c88a-420f-9330-63685cfb1766" testId="f0d27ebb-ab90-6625-a725-b12e034b23d1" testName="Informar_usuario_e_ou_senha_invalidos_e_efetuar_falha_no_login" computerName="LEONARDO-PC" duration="00:00:00.0055322" startTime="2011-03-06T18:58:50.0105607-03:00" endTime="2011-03-06T18:58:50.0235615-03:00" testType="13cdc9d9-ddb5-4fa4-a97d-d965ccfc6d4b" outcome="Passed" testListId="8c84fa94-04c1-424b-9868-57a2d4851a1d" relativeResultsDirectory="d8de94ea-c88a-420f-9330-63685cfb1766">
    </UnitTestResult>
  </Results>
</TestRun>